<?xml version="1.0"?>
<project xmlns="https://github.com/ackara/webflow/raw/master/webflow.xsd" />﻿