button:hover{cursor:pointer;background-color:rgba(255,0,0,.5)}body{color:red}button{outline:0}.box{padding:1em;margin:1em 2em;background-color:#7fffd4}
//# sourceMappingURL=maps\style1.min.css.map
==================================================
{
  "version": 3,
  "sources": [
    "../../../../../../Projects/WebFlow/tests/WebFlow.MSTest/bin/Debug/TestData/_partial.scss",
    "../../../../../../Projects/WebFlow/tests/WebFlow.MSTest/bin/Debug/TestData/style1.scss"
  ],
  "names": [],
  "mappings": "AAGI,aACI,eACA,kCCHR,KACI,UAGJ,OAEI,UAGJ,KACI,YACA,eACA",
  "file": "..\\style1.min.css"
}
