button:hover{cursor:pointer;background-color:rgba(255,0,0,.5)}body{color:red}button{outline:0}.box{padding:1em;margin:1em 2em;background-color:#7fffd4}
